<html>
<body>
<pre>
<h1>µVision Build Log</h1>
<h2>Project:</h2>
F:\Facutly Material\Third Year\CE 3rd Year\2nd Term\Embeded System\embeded system project\test\connect4game_TivaC-master\connect4game_TivaC-master\Connect4Project - Copy\connect4.uvproj
Project File Date:  06/10/2018

<h2>Output:</h2>
Build target 'connect4'
compiling connect4.c...
img.h(101): warning:  #1-D: last line of file ends without a newline
  };
connect4.h(85): warning:  #1295-D: Deprecated declaration gameInit - give arg types
  void gameInit();
connect4.h(86): warning:  #1295-D: Deprecated declaration DrawGrid - give arg types
  void DrawGrid();
connect4.h(87): warning:  #1295-D: Deprecated declaration update - give arg types
  void update();
connect4.h(91): warning:  #1295-D: Deprecated declaration isThereAwinner - give arg types
  int isThereAwinner();
connect4.h(92): warning:  #1295-D: Deprecated declaration checkTriples - give arg types
  int checkTriples();
connect4.h(94): warning:  #1295-D: Deprecated declaration shouldPlayWithSw - give arg types
  int shouldPlayWithSw();
connect4.h(96): warning:  #1295-D: Deprecated declaration playInAcol - give arg types
  int playInAcol();
connect4.h(98): warning:  #1295-D: Deprecated declaration getAiNextPos - give arg types
  int getAiNextPos();
connect4.h(99): warning:  #1295-D: Deprecated declaration outputToTheScreen - give arg types
  void outputToTheScreen();
connect4.h(101): warning:  #1295-D: Deprecated declaration theMenu - give arg types
  void theMenu();
connect4.h(102): warning:  #1295-D: Deprecated declaration splashScreen - give arg types
  void splashScreen();
connect4.c(491): warning:  #223-D: function "rand" declared implicitly
                        decision = rand()%7;
connect4.c(733): warning:  #1-D: last line of file ends without a newline
  }
connect4.c: 14 warnings, 0 errors
linking...
Program Size: Code=11712 RO-data=3440 RW-data=168 ZI-data=2976  
".\connect4.axf" - 0 Error(s), 14 Warning(s).
Load "F:\\Facutly Material\\Third Year\\CE 3rd Year\\2nd Term\\Embeded System\\embeded system project\\test\\connect4game_TivaC-master\\connect4game_TivaC-master\\Connect4Project - Copy\\connect4.axf" 
Connecting: Mode=JTAG, Speed=1000000Hz
Erase Done.
Programming Done.
Verify OK.
